../source/audio_generator.c:145:14:USB_DeviceAudioIsoOut	32	static
../source/audio_generator.c:165:14:USB_DeviceAudioGetControlTerminal	40	static
../source/audio_generator.c:223:14:USB_DeviceAudioSetControlTerminal	40	static
../source/audio_generator.c:275:14:USB_DeviceAudioGetCurAudioFeatureUnit	40	static
../source/audio_generator.c:327:14:USB_DeviceAudioGetRangeAudioFeatureUnit	40	static
../source/audio_generator.c:355:14:USB_DeviceAudioGetMinAudioFeatureUnit	40	static
../source/audio_generator.c:393:14:USB_DeviceAudioGetMaxAudioFeatureUnit	40	static
../source/audio_generator.c:431:14:USB_DeviceAudioGetResAudioFeatureUnit	40	static
../source/audio_generator.c:470:14:USB_DeviceAudioSetCurAudioFeatureUnit	40	static
../source/audio_generator.c:519:14:USB_DeviceAudioSetMinAudioFeatureUnit	40	static
../source/audio_generator.c:557:14:USB_DeviceAudioSetMaxAudioFeatureUnit	40	static
../source/audio_generator.c:595:14:USB_DeviceAudioSetResAudioFeatureUnit	40	static
../source/audio_generator.c:632:14:USB_DeviceAudioGetFeatureUnit	40	static
../source/audio_generator.c:672:14:USB_DeviceAudioSetFeatureUnit	40	static
../source/audio_generator.c:711:14:USB_DeviceAudioSetClockSource	40	static
../source/audio_generator.c:747:14:USB_DeviceAudioGetClockSource	40	static
../source/audio_generator.c:794:14:USB_DeviceAudioSetRequestInterface	48	static
../source/audio_generator.c:824:14:USB_DeviceAudioGetRequestInterface	48	static
../source/audio_generator.c:853:14:USB_DeviceAudioSetRequestEndpoint	40	static
../source/audio_generator.c:939:14:USB_DeviceAudioGetRequestEndpoint	40	static
../source/audio_generator.c:1026:14:USB_DeviceProcessClassRequest	40	static
../source/audio_generator.c:1076:14:USB_DeviceAudioProcessTerminalRequest	32	static
../source/audio_generator.c:1364:14:USB_DeviceGetSetupBuffer	16	static
../source/audio_generator.c:1387:14:USB_DeviceGetClassReceiveBuffer	24	static
../source/audio_generator.c:1410:14:USB_DeviceConfigureRemoteWakeup	16	static
../source/audio_generator.c:1426:14:USB_DeviceConfigureEndpointStatus	16	static
../source/audio_generator.c:1470:14:USB_DeviceCallback	64	static
../source/audio_generator.c:1606:6:APPInit	8	static
../source/audio_generator.c:1635:5:main	8	static
